{"app": "App1", "environment": "dev", "deployment_steps": ["AWS down", "Deployed to GCP"], "configs": {"db_timeout": null, "feature_x": null}}
{"app": "App1", "environment": "prod", "deployment_steps": ["Deployed to AWS"], "configs": {"db_timeout": null, "feature_x": null}}
{"app": "App2", "environment": "dev", "deployment_steps": ["Deployed to AWS"], "configs": {"db_timeout": null, "feature_x": null}}
{"app": "App2", "environment": "prod", "deployment_steps": ["Deployed to AWS"], "configs": {"db_timeout": null, "feature_x": null}}
{"app": "App1", "environment": "dev", "deployment_steps": ["Deployed to AWS"], "configs": {"db_timeout": null, "feature_x": null}}
{"app": "App1", "environment": "prod", "deployment_steps": ["Deployed to AWS"], "configs": {"db_timeout": null, "feature_x": null}}
{"app": "App2", "environment": "dev", "deployment_steps": ["Deployed to AWS"], "configs": {"db_timeout": null, "feature_x": null}}
{"app": "App2", "environment": "prod", "deployment_steps": ["Deployed to AWS"], "configs": {"db_timeout": null, "feature_x": null}}
{"app": "demo-app", "environment": "dev", "deployment_steps": ["Deployed to AWS"], "configs": {"db_timeout": null, "feature_x": null}}
{"app": "demo-app", "environment": "dev", "deployment_steps": ["Deployed to AWS"], "configs": {"db_timeout": null, "feature_x": null}}
{"app": "demo-app", "environment": "dev", "deployment_steps": ["Deployed to AWS"], "configs": {"db_timeout": null, "feature_x": null}}
{"app": "demo-app", "environment": "dev", "deployment_steps": ["Deployed to AWS"], "configs": {"db_timeout": null, "feature_x": null}}
{"app": "demo-app", "environment": "dev", "deployment_steps": ["Deployed to AWS"], "configs": {"db_timeout": null, "feature_x": null}}
{"app": "demo-app", "environment": "dev", "deployment_steps": ["Deployed to AWS"], "configs": {"db_timeout": null, "feature_x": null}}
{"app": "demo-app", "environment": "dev", "deployment_steps": ["Deployed to AWS"], "configs": {"db_timeout": null, "feature_x": null}}
{"app": "demo-app", "environment": "dev", "deployment_steps": ["AWS down", "GCP down", "Deployed to Azure"], "configs": {"db_timeout": null, "feature_x": null}}
{"app": "demo-app", "environment": "dev", "deployment_steps": ["Deployed to AWS"], "configs": {"db_timeout": null, "feature_x": null}}
{"app": "demo-app", "environment": "dev", "deployment_steps": ["Deployed to AWS"], "configs": {"db_timeout": null, "feature_x": null}}
{"app": "demo-app", "environment": "dev", "deployment_steps": ["AWS down", "Deployed to GCP"], "configs": {"db_timeout": null, "feature_x": null}}
{"app": "demo-app", "environment": "dev", "configs": {"db_timeout": "NOT_FOUND", "feature_x": "NOT_FOUND"}, "deployment_steps": ["Deployed to AWS"]}
{"app": "demo-app", "environment": "dev", "configs": {"db_timeout": "NOT_FOUND", "feature_x": "NOT_FOUND"}, "deployment_steps": ["AWS unavailable", "Deployed to GCP"]}
{"app": "demo-app", "environment": "dev", "configs": {"db_timeout": "NOT_FOUND", "feature_x": "NOT_FOUND"}, "deployment_steps": ["AWS unavailable", "Deployed to GCP"]}
{"app": "demo-app", "environment": "dev", "configs": {"db_timeout": "NOT_FOUND", "feature_x": "NOT_FOUND"}, "deployment_steps": ["Deployed to AWS"]}
{"app": "demo-app", "environment": "dev", "configs": {"db_timeout": "NOT_FOUND", "feature_x": "NOT_FOUND"}, "deployment_steps": ["Deployed to AWS"]}
{"app": "demo-app", "environment": "dev", "configs": {"db_timeout": "NOT_FOUND", "feature_x": "NOT_FOUND"}, "deployment_steps": ["Deployed to AWS"]}
